Archive member included to satisfy reference by file (symbol)

/Applications/ArmGNUToolchain/13.3.rel1/arm-none-eabi/bin/../lib/gcc/arm-none-eabi/13.3.1/thumb/v6-m/nofp/libgcc.a(_udivsi3.o)
                              CMakeFiles/action-test.elf.dir/Drivers/STM32F0xx_HAL_Driver/Src/stm32f0xx_hal.c.obj (__aeabi_uidiv)
/Applications/ArmGNUToolchain/13.3.rel1/arm-none-eabi/bin/../lib/gcc/arm-none-eabi/13.3.1/thumb/v6-m/nofp/libgcc.a(_dvmd_tls.o)
                              /Applications/ArmGNUToolchain/13.3.rel1/arm-none-eabi/bin/../lib/gcc/arm-none-eabi/13.3.1/thumb/v6-m/nofp/libgcc.a(_udivsi3.o) (__aeabi_idiv0)
/Applications/ArmGNUToolchain/13.3.rel1/arm-none-eabi/bin/../lib/gcc/arm-none-eabi/13.3.1/../../../../arm-none-eabi/lib/thumb/v6-m/nofp/libg.a(libc_a-exit.o)
                              /Applications/ArmGNUToolchain/13.3.rel1/arm-none-eabi/bin/../lib/gcc/arm-none-eabi/13.3.1/../../../../arm-none-eabi/lib/thumb/v6-m/nofp/crt0.o (exit)
/Applications/ArmGNUToolchain/13.3.rel1/arm-none-eabi/bin/../lib/gcc/arm-none-eabi/13.3.1/../../../../arm-none-eabi/lib/thumb/v6-m/nofp/libg.a(libc_a-findfp.o)
                              /Applications/ArmGNUToolchain/13.3.rel1/arm-none-eabi/bin/../lib/gcc/arm-none-eabi/13.3.1/../../../../arm-none-eabi/lib/thumb/v6-m/nofp/libg.a(libc_a-exit.o) (__stdio_exit_handler)
/Applications/ArmGNUToolchain/13.3.rel1/arm-none-eabi/bin/../lib/gcc/arm-none-eabi/13.3.1/../../../../arm-none-eabi/lib/thumb/v6-m/nofp/libg.a(libc_a-memset.o)
                              /Applications/ArmGNUToolchain/13.3.rel1/arm-none-eabi/bin/../lib/gcc/arm-none-eabi/13.3.1/../../../../arm-none-eabi/lib/thumb/v6-m/nofp/crt0.o (memset)
/Applications/ArmGNUToolchain/13.3.rel1/arm-none-eabi/bin/../lib/gcc/arm-none-eabi/13.3.1/../../../../arm-none-eabi/lib/thumb/v6-m/nofp/libg.a(libc_a-impure.o)
                              /Applications/ArmGNUToolchain/13.3.rel1/arm-none-eabi/bin/../lib/gcc/arm-none-eabi/13.3.1/../../../../arm-none-eabi/lib/thumb/v6-m/nofp/libg.a(libc_a-findfp.o) (_impure_data)
/Applications/ArmGNUToolchain/13.3.rel1/arm-none-eabi/bin/../lib/gcc/arm-none-eabi/13.3.1/../../../../arm-none-eabi/lib/thumb/v6-m/nofp/libg.a(libc_a-errno.o)
                              CMakeFiles/action-test.elf.dir/Src/syscalls.c.obj (__errno)
/Applications/ArmGNUToolchain/13.3.rel1/arm-none-eabi/bin/../lib/gcc/arm-none-eabi/13.3.1/../../../../arm-none-eabi/lib/thumb/v6-m/nofp/libg.a(libc_a-init.o)
                              /Applications/ArmGNUToolchain/13.3.rel1/arm-none-eabi/bin/../lib/gcc/arm-none-eabi/13.3.1/../../../../arm-none-eabi/lib/thumb/v6-m/nofp/crt0.o (__libc_init_array)
/Applications/ArmGNUToolchain/13.3.rel1/arm-none-eabi/bin/../lib/gcc/arm-none-eabi/13.3.1/../../../../arm-none-eabi/lib/thumb/v6-m/nofp/libg.a(libc_a-lock.o)
                              /Applications/ArmGNUToolchain/13.3.rel1/arm-none-eabi/bin/../lib/gcc/arm-none-eabi/13.3.1/../../../../arm-none-eabi/lib/thumb/v6-m/nofp/libg.a(libc_a-findfp.o) (__retarget_lock_init_recursive)
/Applications/ArmGNUToolchain/13.3.rel1/arm-none-eabi/bin/../lib/gcc/arm-none-eabi/13.3.1/../../../../arm-none-eabi/lib/thumb/v6-m/nofp/libg.a(libc_a-__call_atexit.o)
                              /Applications/ArmGNUToolchain/13.3.rel1/arm-none-eabi/bin/../lib/gcc/arm-none-eabi/13.3.1/../../../../arm-none-eabi/lib/thumb/v6-m/nofp/libg.a(libc_a-exit.o) (__call_exitprocs)
/Applications/ArmGNUToolchain/13.3.rel1/arm-none-eabi/bin/../lib/gcc/arm-none-eabi/13.3.1/../../../../arm-none-eabi/lib/thumb/v6-m/nofp/libg.a(libc_a-atexit.o)
                              /Applications/ArmGNUToolchain/13.3.rel1/arm-none-eabi/bin/../lib/gcc/arm-none-eabi/13.3.1/../../../../arm-none-eabi/lib/thumb/v6-m/nofp/libg.a(libc_a-__call_atexit.o) (atexit)
/Applications/ArmGNUToolchain/13.3.rel1/arm-none-eabi/bin/../lib/gcc/arm-none-eabi/13.3.1/../../../../arm-none-eabi/lib/thumb/v6-m/nofp/libg.a(libc_a-mallocr.o)
                              /Applications/ArmGNUToolchain/13.3.rel1/arm-none-eabi/bin/../lib/gcc/arm-none-eabi/13.3.1/../../../../arm-none-eabi/lib/thumb/v6-m/nofp/libg.a(libc_a-findfp.o) (_malloc_r)
/Applications/ArmGNUToolchain/13.3.rel1/arm-none-eabi/bin/../lib/gcc/arm-none-eabi/13.3.1/../../../../arm-none-eabi/lib/thumb/v6-m/nofp/libg.a(libc_a-mlock.o)
                              /Applications/ArmGNUToolchain/13.3.rel1/arm-none-eabi/bin/../lib/gcc/arm-none-eabi/13.3.1/../../../../arm-none-eabi/lib/thumb/v6-m/nofp/libg.a(libc_a-mallocr.o) (__malloc_lock)
/Applications/ArmGNUToolchain/13.3.rel1/arm-none-eabi/bin/../lib/gcc/arm-none-eabi/13.3.1/../../../../arm-none-eabi/lib/thumb/v6-m/nofp/libg.a(libc_a-fwalk.o)
                              /Applications/ArmGNUToolchain/13.3.rel1/arm-none-eabi/bin/../lib/gcc/arm-none-eabi/13.3.1/../../../../arm-none-eabi/lib/thumb/v6-m/nofp/libg.a(libc_a-findfp.o) (_fwalk_sglue)
[...]
Memory Configuration

Name             Origin             Length             Attributes
RAM              0x20000000         0x00001000         xrw
FLASH            0x08000000         0x00004000         xr
*default*        0x00000000         0xffffffff

Linker script and memory map

LOAD /Applications/ArmGNUToolchain/13.3.rel1/arm-none-eabi/bin/../lib/gcc/arm-none-eabi/13.3.1/thumb/v6-m/nofp/crti.o
LOAD /Applications/ArmGNUToolchain/13.3.rel1/arm-none-eabi/bin/../lib/gcc/arm-none-eabi/13.3.1/thumb/v6-m/nofp/crtbegin.o
LOAD /Applications/ArmGNUToolchain/13.3.rel1/arm-none-eabi/bin/../lib/gcc/arm-none-eabi/13.3.1/../../../../arm-none-eabi/lib/thumb/v6-m/nofp/crt0.o
LOAD CMakeFiles/action-test.elf.dir/Drivers/STM32F0xx_HAL_Driver/Src/stm32f0xx_hal.c.obj
LOAD CMakeFiles/action-test.elf.dir/Drivers/STM32F0xx_HAL_Driver/Src/stm32f0xx_hal_cortex.c.obj
LOAD CMakeFiles/action-test.elf.dir/Drivers/STM32F0xx_HAL_Driver/Src/stm32f0xx_hal_dma.c.obj
LOAD CMakeFiles/action-test.elf.dir/Drivers/STM32F0xx_HAL_Driver/Src/stm32f0xx_hal_exti.c.obj
LOAD CMakeFiles/action-test.elf.dir/Drivers/STM32F0xx_HAL_Driver/Src/stm32f0xx_hal_flash.c.obj
LOAD CMakeFiles/action-test.elf.dir/Drivers/STM32F0xx_HAL_Driver/Src/stm32f0xx_hal_flash_ex.c.obj
LOAD CMakeFiles/action-test.elf.dir/Drivers/STM32F0xx_HAL_Driver/Src/stm32f0xx_hal_gpio.c.obj
LOAD CMakeFiles/action-test.elf.dir/Drivers/STM32F0xx_HAL_Driver/Src/stm32f0xx_hal_i2c.c.obj
LOAD CMakeFiles/action-test.elf.dir/Drivers/STM32F0xx_HAL_Driver/Src/stm32f0xx_hal_i2c_ex.c.obj
LOAD CMakeFiles/action-test.elf.dir/Drivers/STM32F0xx_HAL_Driver/Src/stm32f0xx_hal_pwr.c.obj
LOAD CMakeFiles/action-test.elf.dir/Drivers/STM32F0xx_HAL_Driver/Src/stm32f0xx_hal_pwr_ex.c.obj
LOAD CMakeFiles/action-test.elf.dir/Drivers/STM32F0xx_HAL_Driver/Src/stm32f0xx_hal_rcc.c.obj
LOAD CMakeFiles/action-test.elf.dir/Drivers/STM32F0xx_HAL_Driver/Src/stm32f0xx_hal_rcc_ex.c.obj
LOAD CMakeFiles/action-test.elf.dir/Drivers/STM32F0xx_HAL_Driver/Src/stm32f0xx_hal_tim.c.obj
LOAD CMakeFiles/action-test.elf.dir/Drivers/STM32F0xx_HAL_Driver/Src/stm32f0xx_hal_tim_ex.c.obj
LOAD CMakeFiles/action-test.elf.dir/Src/main.c.obj
LOAD CMakeFiles/action-test.elf.dir/Src/stm32f0xx_hal_msp.c.obj
LOAD CMakeFiles/action-test.elf.dir/Src/stm32f0xx_it.c.obj
LOAD CMakeFiles/action-test.elf.dir/Src/syscalls.c.obj
LOAD CMakeFiles/action-test.elf.dir/Src/sysmem.c.obj
LOAD CMakeFiles/action-test.elf.dir/Src/system_stm32f0xx.c.obj
LOAD CMakeFiles/action-test.elf.dir/Startup/startup_stm32f030f4px.s.obj
START GROUP
LOAD /Applications/ArmGNUToolchain/13.3.rel1/arm-none-eabi/bin/../lib/gcc/arm-none-eabi/13.3.1/thumb/v6-m/nofp/libgcc.a
LOAD /Applications/ArmGNUToolchain/13.3.rel1/arm-none-eabi/bin/../lib/gcc/arm-none-eabi/13.3.1/../../../../arm-none-eabi/lib/thumb/v6-m/nofp/libg.a
LOAD /Applications/ArmGNUToolchain/13.3.rel1/arm-none-eabi/bin/../lib/gcc/arm-none-eabi/13.3.1/../../../../arm-none-eabi/lib/thumb/v6-m/nofp/libc.a
END GROUP
LOAD /Applications/ArmGNUToolchain/13.3.rel1/arm-none-eabi/bin/../lib/gcc/arm-none-eabi/13.3.1/thumb/v6-m/nofp/crtend.o
LOAD /Applications/ArmGNUToolchain/13.3.rel1/arm-none-eabi/bin/../lib/gcc/arm-none-eabi/13.3.1/thumb/v6-m/nofp/crtn.o
                0x20001000                        _estack = (ORIGIN (RAM) + LENGTH (RAM))
                0x00000200                        _Min_Heap_Size = 0x200
                0x00000400                        _Min_Stack_Size = 0x400

.isr_vector     0x08000000       0xc0
                0x08000000                        . = ALIGN (0x4)
 *(.isr_vector)
 .isr_vector    0x08000000       0xc0 CMakeFiles/action-test.elf.dir/Startup/startup_stm32f030f4px.s.obj
                0x08000000                g_pfnVectors
                0x080000c0                        . = ALIGN (0x4)

.text           0x080000c0      0xc14
                0x080000c0                        . = ALIGN (0x4)
 *(.text)
 .text          0x080000c0      0x114 /Applications/ArmGNUToolchain/13.3.rel1/arm-none-eabi/bin/../lib/gcc/arm-none-eabi/13.3.1/thumb/v6-m/nofp/libgcc.a(_udivsi3.o)
                0x080000c0                __udivsi3
                0x080000c0                __aeabi_uidiv
                0x080001cc                __aeabi_uidivmod
 .text          0x080001d4        0x4 /Applications/ArmGNUToolchain/13.3.rel1/arm-none-eabi/bin/../lib/gcc/arm-none-eabi/13.3.1/thumb/v6-m/nofp/libgcc.a(_dvmd_tls.o)
                0x080001d4                __aeabi_ldiv0
                0x080001d4                __aeabi_idiv0
 *(.text*)
 .text.deregister_tm_clones
                0x080001d8       0x20 /Applications/ArmGNUToolchain/13.3.rel1/arm-none-eabi/bin/../lib/gcc/arm-none-eabi/13.3.1/thumb/v6-m/nofp/crtbegin.o
 .text.register_tm_clones
                0x080001f8       0x28 /Applications/ArmGNUToolchain/13.3.rel1/arm-none-eabi/bin/../lib/gcc/arm-none-eabi/13.3.1/thumb/v6-m/nofp/crtbegin.o
 .text.__do_global_dtors_aux
                0x08000220       0x2c /Applications/ArmGNUToolchain/13.3.rel1/arm-none-eabi/bin/../lib/gcc/arm-none-eabi/13.3.1/thumb/v6-m/nofp/crtbegin.o
 .text.frame_dummy
                0x0800024c       0x24 /Applications/ArmGNUToolchain/13.3.rel1/arm-none-eabi/bin/../lib/gcc/arm-none-eabi/13.3.1/thumb/v6-m/nofp/crtbegin.o
 .text.HAL_InitTick
                0x08000270       0x50 CMakeFiles/action-test.elf.dir/Drivers/STM32F0xx_HAL_Driver/Src/stm32f0xx_hal.c.obj
                0x08000270                HAL_InitTick
 .text.HAL_Init
                0x080002c0       0x20 CMakeFiles/action-test.elf.dir/Drivers/STM32F0xx_HAL_Driver/Src/stm32f0xx_hal.c.obj
                0x080002c0                HAL_Init
 .text.HAL_IncTick
                0x080002e0       0x18 CMakeFiles/action-test.elf.dir/Drivers/STM32F0xx_HAL_Driver/Src/stm32f0xx_hal.c.obj
                0x080002e0                HAL_IncTick
 .text.HAL_GetTick
                0x080002f8        0xc CMakeFiles/action-test.elf.dir/Drivers/STM32F0xx_HAL_Driver/Src/stm32f0xx_hal.c.obj
                0x080002f8                HAL_GetTick
 .text.__NVIC_SetPriority
                0x08000304       0x60 CMakeFiles/action-test.elf.dir/Drivers/STM32F0xx_HAL_Driver/Src/stm32f0xx_hal_cortex.c.obj
 .text.SysTick_Config
                0x08000364       0x38 CMakeFiles/action-test.elf.dir/Drivers/STM32F0xx_HAL_Driver/Src/stm32f0xx_hal_cortex.c.obj
 .text.HAL_NVIC_SetPriority
                0x0800039c        0x8 CMakeFiles/action-test.elf.dir/Drivers/STM32F0xx_HAL_Driver/Src/stm32f0xx_hal_cortex.c.obj
                0x0800039c                HAL_NVIC_SetPriority
 .text.HAL_SYSTICK_Config
                0x080003a4        0x8 CMakeFiles/action-test.elf.dir/Drivers/STM32F0xx_HAL_Driver/Src/stm32f0xx_hal_cortex.c.obj
                0x080003a4                HAL_SYSTICK_Config
 .text.HAL_RCC_OscConfig
                0x080003ac      0x49c CMakeFiles/action-test.elf.dir/Drivers/STM32F0xx_HAL_Driver/Src/stm32f0xx_hal_rcc.c.obj
                0x080003ac                HAL_RCC_OscConfig
 .text.HAL_RCC_GetSysClockFreq
                0x08000848       0x54 CMakeFiles/action-test.elf.dir/Drivers/STM32F0xx_HAL_Driver/Src/stm32f0xx_hal_rcc.c.obj
                0x08000848                HAL_RCC_GetSysClockFreq
 .text.HAL_RCC_ClockConfig
                0x0800089c      0x134 CMakeFiles/action-test.elf.dir/Drivers/STM32F0xx_HAL_Driver/Src/stm32f0xx_hal_rcc.c.obj
                0x0800089c                HAL_RCC_ClockConfig
 .text.Error_Handler
                0x080009d0        0x4 CMakeFiles/action-test.elf.dir/Src/main.c.obj
                0x080009d0                Error_Handler
 .text.SystemClock_Config
                0x080009d4       0x52 CMakeFiles/action-test.elf.dir/Src/main.c.obj
                0x080009d4                SystemClock_Config
 .text.main     0x08000a26        0xc CMakeFiles/action-test.elf.dir/Src/main.c.obj
                0x08000a26                main
 *fill*         0x08000a32        0x2 
 .text.HAL_MspInit
                0x08000a34       0x30 CMakeFiles/action-test.elf.dir/Src/stm32f0xx_hal_msp.c.obj
                0x08000a34                HAL_MspInit
 .text.NMI_Handler
                0x08000a64        0x2 CMakeFiles/action-test.elf.dir/Src/stm32f0xx_it.c.obj
                0x08000a64                NMI_Handler
 .text.HardFault_Handler
                0x08000a66        0x2 CMakeFiles/action-test.elf.dir/Src/stm32f0xx_it.c.obj
                0x08000a66                HardFault_Handler
 .text.SVC_Handler
                0x08000a68        0x2 CMakeFiles/action-test.elf.dir/Src/stm32f0xx_it.c.obj
                0x08000a68                SVC_Handler
 .text.PendSV_Handler
                0x08000a6a        0x2 CMakeFiles/action-test.elf.dir/Src/stm32f0xx_it.c.obj
                0x08000a6a                PendSV_Handler
 .text.SysTick_Handler
                0x08000a6c        0x8 CMakeFiles/action-test.elf.dir/Src/stm32f0xx_it.c.obj
                0x08000a6c                SysTick_Handler
 .text.SystemInit
                0x08000a74        0x2 CMakeFiles/action-test.elf.dir/Src/system_stm32f0xx.c.obj
                0x08000a74                SystemInit
 *fill*         0x08000a76        0x2 
 .text.Reset_Handler
                0x08000a78       0x50 CMakeFiles/action-test.elf.dir/Startup/startup_stm32f030f4px.s.obj
                0x08000a78                Reset_Handler
 .text.Default_Handler
                0x08000ac8        0x2 CMakeFiles/action-test.elf.dir/Startup/startup_stm32f030f4px.s.obj
                0x08000ac8                TIM1_BRK_UP_TRG_COM_IRQHandler
                0x08000ac8                I2C1_IRQHandler
                0x08000ac8                SPI1_IRQHandler
                0x08000ac8                EXTI2_3_IRQHandler
                0x08000ac8                ADC1_IRQHandler
                0x08000ac8                TIM17_IRQHandler
                0x08000ac8                RTC_IRQHandler
                0x08000ac8                TIM16_IRQHandler
                0x08000ac8                TIM3_IRQHandler
                0x08000ac8                EXTI4_15_IRQHandler
                0x08000ac8                RCC_IRQHandler
                0x08000ac8                DMA1_Channel1_IRQHandler
                0x08000ac8                Default_Handler
                0x08000ac8                TIM14_IRQHandler
                0x08000ac8                DMA1_Channel4_5_IRQHandler
                0x08000ac8                EXTI0_1_IRQHandler
                0x08000ac8                WWDG_IRQHandler
                0x08000ac8                DMA1_Channel2_3_IRQHandler
                0x08000ac8                FLASH_IRQHandler
                0x08000ac8                USART1_IRQHandler
                0x08000ac8                TIM1_CC_IRQHandler
 *fill*         0x08000aca        0x2 
 .text.memset   0x08000acc       0xa8 /Applications/ArmGNUToolchain/13.3.rel1/arm-none-eabi/bin/../lib/gcc/arm-none-eabi/13.3.1/../../../../arm-none-eabi/lib/thumb/v6-m/nofp/libg.a(libc_a-memset.o)
                0x08000acc                memset
 .text.__libc_init_array
                0x08000b74       0x48 /Applications/ArmGNUToolchain/13.3.rel1/arm-none-eabi/bin/../lib/gcc/arm-none-eabi/13.3.1/../../../../arm-none-eabi/lib/thumb/v6-m/nofp/libg.a(libc_a-init.o)
                0x08000b74                __libc_init_array
 .text.__retarget_lock_acquire_recursive
                0x08000bbc        0x4 /Applications/ArmGNUToolchain/13.3.rel1/arm-none-eabi/bin/../lib/gcc/arm-none-eabi/13.3.1/../../../../arm-none-eabi/lib/thumb/v6-m/nofp/libg.a(libc_a-lock.o)
                0x08000bbc                __retarget_lock_acquire_recursive
 .text.__retarget_lock_release_recursive
                0x08000bc0        0x4 /Applications/ArmGNUToolchain/13.3.rel1/arm-none-eabi/bin/../lib/gcc/arm-none-eabi/13.3.1/../../../../arm-none-eabi/lib/thumb/v6-m/nofp/libg.a(libc_a-lock.o)
                0x08000bc0                __retarget_lock_release_recursive
 .text.startup.register_fini
                0x08000bc4       0x18 /Applications/ArmGNUToolchain/13.3.rel1/arm-none-eabi/bin/../lib/gcc/arm-none-eabi/13.3.1/../../../../arm-none-eabi/lib/thumb/v6-m/nofp/libg.a(libc_a-__call_atexit.o)
 .text.atexit   0x08000bdc       0x10 /Applications/ArmGNUToolchain/13.3.rel1/arm-none-eabi/bin/../lib/gcc/arm-none-eabi/13.3.1/../../../../arm-none-eabi/lib/thumb/v6-m/nofp/libg.a(libc_a-atexit.o)
                0x08000bdc                atexit
 .text.__libc_fini_array
                0x08000bec       0x28 /Applications/ArmGNUToolchain/13.3.rel1/arm-none-eabi/bin/../lib/gcc/arm-none-eabi/13.3.1/../../../../arm-none-eabi/lib/thumb/v6-m/nofp/libg.a(libc_a-fini.o)
                0x08000bec                __libc_fini_array
 .text.__register_exitproc
                0x08000c14       0xa8 /Applications/ArmGNUToolchain/13.3.rel1/arm-none-eabi/bin/../lib/gcc/arm-none-eabi/13.3.1/../../../../arm-none-eabi/lib/thumb/v6-m/nofp/libg.a(libc_a-__atexit.o)
                0x08000c14                __register_exitproc
 *(.glue_7)
 .glue_7        0x08000cbc        0x0 linker stubs
 *(.glue_7t)
 .glue_7t       0x08000cbc        0x0 linker stubs
 *(.eh_frame)
 .eh_frame      0x08000cbc        0x0 /Applications/ArmGNUToolchain/13.3.rel1/arm-none-eabi/bin/../lib/gcc/arm-none-eabi/13.3.1/thumb/v6-m/nofp/crtbegin.o
 *(.init)
 .init          0x08000cbc        0x4 /Applications/ArmGNUToolchain/13.3.rel1/arm-none-eabi/bin/../lib/gcc/arm-none-eabi/13.3.1/thumb/v6-m/nofp/crti.o
                0x08000cbc                _init
 .init          0x08000cc0        0x8 /Applications/ArmGNUToolchain/13.3.rel1/arm-none-eabi/bin/../lib/gcc/arm-none-eabi/13.3.1/thumb/v6-m/nofp/crtn.o
 *(.fini)
 .fini          0x08000cc8        0x4 /Applications/ArmGNUToolchain/13.3.rel1/arm-none-eabi/bin/../lib/gcc/arm-none-eabi/13.3.1/thumb/v6-m/nofp/crti.o
                0x08000cc8                _fini
 .fini          0x08000ccc        0x8 /Applications/ArmGNUToolchain/13.3.rel1/arm-none-eabi/bin/../lib/gcc/arm-none-eabi/13.3.1/thumb/v6-m/nofp/crtn.o
                0x08000cd4                        . = ALIGN (0x4)
                0x08000cd4                        _etext = .

.vfp11_veneer   0x08000cd4        0x0
 .vfp11_veneer  0x08000cd4        0x0 linker stubs

.v4_bx          0x08000cd4        0x0
 .v4_bx         0x08000cd4        0x0 linker stubs

.iplt           0x08000cd4        0x0
 .iplt          0x08000cd4        0x0 /Applications/ArmGNUToolchain/13.3.rel1/arm-none-eabi/bin/../lib/gcc/arm-none-eabi/13.3.1/thumb/v6-m/nofp/crtbegin.o

.rodata         0x08000cd4       0x30
                0x08000cd4                        . = ALIGN (0x4)
 *(.rodata)
 *(.rodata*)
 .rodata.aPredivFactorTable.0
                0x08000cd4       0x10 CMakeFiles/action-test.elf.dir/Drivers/STM32F0xx_HAL_Driver/Src/stm32f0xx_hal_rcc.c.obj
 .rodata.aPLLMULFactorTable.1
                0x08000ce4       0x10 CMakeFiles/action-test.elf.dir/Drivers/STM32F0xx_HAL_Driver/Src/stm32f0xx_hal_rcc.c.obj
 .rodata.AHBPrescTable
                0x08000cf4       0x10 CMakeFiles/action-test.elf.dir/Src/system_stm32f0xx.c.obj
                0x08000cf4                AHBPrescTable
                0x08000d04                        . = ALIGN (0x4)

.rel.dyn        0x08000d04        0x0
 .rel.iplt      0x08000d04        0x0 /Applications/ArmGNUToolchain/13.3.rel1/arm-none-eabi/bin/../lib/gcc/arm-none-eabi/13.3.1/thumb/v6-m/nofp/crtbegin.o

.ARM.extab      0x08000d04        0x0
                0x08000d04                        . = ALIGN (0x4)
 *(.ARM.extab* .gnu.linkonce.armextab.*)
                0x08000d04                        . = ALIGN (0x4)

.ARM            0x08000d04        0x0
                0x08000d04                        . = ALIGN (0x4)
                0x08000d04                        __exidx_start = .
 *(.ARM.exidx*)
                0x08000d04                        __exidx_end = .
                0x08000d04                        . = ALIGN (0x4)

.preinit_array  0x08000d04        0x0
                0x08000d04                        . = ALIGN (0x4)
                0x08000d04                        PROVIDE (__preinit_array_start = .)
 *(.preinit_array*)
                0x08000d04                        PROVIDE (__preinit_array_end = .)
                0x08000d04                        . = ALIGN (0x4)

.init_array     0x08000d04        0x8
                0x08000d04                        . = ALIGN (0x4)
                0x08000d04                        PROVIDE (__init_array_start = .)
 *(SORT_BY_NAME(.init_array.*))
 .init_array.00000
                0x08000d04        0x4 /Applications/ArmGNUToolchain/13.3.rel1/arm-none-eabi/bin/../lib/gcc/arm-none-eabi/13.3.1/../../../../arm-none-eabi/lib/thumb/v6-m/nofp/libg.a(libc_a-__call_atexit.o)
 *(.init_array*)
 .init_array    0x08000d08        0x4 /Applications/ArmGNUToolchain/13.3.rel1/arm-none-eabi/bin/../lib/gcc/arm-none-eabi/13.3.1/thumb/v6-m/nofp/crtbegin.o
                0x08000d0c                        PROVIDE (__init_array_end = .)
                0x08000d0c                        . = ALIGN (0x4)

.fini_array     0x08000d0c        0x4
                0x08000d0c                        . = ALIGN (0x4)
                0x08000d0c                        PROVIDE (__fini_array_start = .)
 *(SORT_BY_NAME(.fini_array.*))
 *(.fini_array*)
 .fini_array    0x08000d0c        0x4 /Applications/ArmGNUToolchain/13.3.rel1/arm-none-eabi/bin/../lib/gcc/arm-none-eabi/13.3.1/thumb/v6-m/nofp/crtbegin.o
                0x08000d10                        PROVIDE (__fini_array_end = .)
                0x08000d10                        . = ALIGN (0x4)
                0x08000d10                        _sidata = LOADADDR (.data)

.data           0x20000000       0x10 load address 0x08000d10
                0x20000000                        . = ALIGN (0x4)
                0x20000000                        _sdata = .
 *(.data)
 *(.data*)
 .data.uwTickFreq
                0x20000000        0x1 CMakeFiles/action-test.elf.dir/Drivers/STM32F0xx_HAL_Driver/Src/stm32f0xx_hal.c.obj
                0x20000000                uwTickFreq
 *fill*         0x20000001        0x3 
 .data.uwTickPrio
                0x20000004        0x4 CMakeFiles/action-test.elf.dir/Drivers/STM32F0xx_HAL_Driver/Src/stm32f0xx_hal.c.obj
                0x20000004                uwTickPrio
 .data.SystemCoreClock
                0x20000008        0x4 CMakeFiles/action-test.elf.dir/Src/system_stm32f0xx.c.obj
                0x20000008                SystemCoreClock
 .data.__atexit_recursive_mutex
                0x2000000c        0x4 /Applications/ArmGNUToolchain/13.3.rel1/arm-none-eabi/bin/../lib/gcc/arm-none-eabi/13.3.1/../../../../arm-none-eabi/lib/thumb/v6-m/nofp/libg.a(libc_a-__call_atexit.o)
                0x2000000c                __atexit_recursive_mutex
 *(.RamFunc)
 *(.RamFunc*)
                0x20000010                        . = ALIGN (0x4)
                0x20000010                        _edata = .

.tm_clone_table
                0x20000010        0x0 load address 0x08000d20
 .tm_clone_table
                0x20000010        0x0 /Applications/ArmGNUToolchain/13.3.rel1/arm-none-eabi/bin/../lib/gcc/arm-none-eabi/13.3.1/thumb/v6-m/nofp/crtbegin.o
 .tm_clone_table
                0x20000010        0x0 /Applications/ArmGNUToolchain/13.3.rel1/arm-none-eabi/bin/../lib/gcc/arm-none-eabi/13.3.1/thumb/v6-m/nofp/crtend.o

.igot.plt       0x20000010        0x0 load address 0x08000d20
 .igot.plt      0x20000010        0x0 /Applications/ArmGNUToolchain/13.3.rel1/arm-none-eabi/bin/../lib/gcc/arm-none-eabi/13.3.1/thumb/v6-m/nofp/crtbegin.o
                0x20000010                        . = ALIGN (0x4)

.bss            0x20000010      0x1b8 load address 0x08000d20
                0x20000010                        _sbss = .
                0x20000010                        __bss_start__ = _sbss
 *(.bss)
 *(.bss*)
 .bss.completed.1
                0x20000010        0x1 /Applications/ArmGNUToolchain/13.3.rel1/arm-none-eabi/bin/../lib/gcc/arm-none-eabi/13.3.1/thumb/v6-m/nofp/crtbegin.o
 *fill*         0x20000011        0x3 
 .bss.object.0  0x20000014       0x18 /Applications/ArmGNUToolchain/13.3.rel1/arm-none-eabi/bin/../lib/gcc/arm-none-eabi/13.3.1/thumb/v6-m/nofp/crtbegin.o
 .bss.uwTick    0x2000002c        0x4 CMakeFiles/action-test.elf.dir/Drivers/STM32F0xx_HAL_Driver/Src/stm32f0xx_hal.c.obj
                0x2000002c                uwTick
 .bss.__lock___atexit_recursive_mutex
                0x20000030        0x1 /Applications/ArmGNUToolchain/13.3.rel1/arm-none-eabi/bin/../lib/gcc/arm-none-eabi/13.3.1/../../../../arm-none-eabi/lib/thumb/v6-m/nofp/libg.a(libc_a-lock.o)
                0x20000030                __lock___atexit_recursive_mutex
 *fill*         0x20000031        0x3 
 .bss.__atexit  0x20000034        0x4 /Applications/ArmGNUToolchain/13.3.rel1/arm-none-eabi/bin/../lib/gcc/arm-none-eabi/13.3.1/../../../../arm-none-eabi/lib/thumb/v6-m/nofp/libg.a(libc_a-__call_atexit.o)
                0x20000034                __atexit
 .bss.__atexit0
                0x20000038      0x190 /Applications/ArmGNUToolchain/13.3.rel1/arm-none-eabi/bin/../lib/gcc/arm-none-eabi/13.3.1/../../../../arm-none-eabi/lib/thumb/v6-m/nofp/libg.a(libc_a-__atexit.o)
                0x20000038                __atexit0
 *(COMMON)
                0x200001c8                        . = ALIGN (0x4)
                0x200001c8                        _ebss = .
                0x200001c8                        __bss_end__ = _ebss

._user_heap_stack
                0x200001c8      0x600 load address 0x08000d20
                0x200001c8                        . = ALIGN (0x8)
                [!provide]                        PROVIDE (end = .)
                0x200001c8                        PROVIDE (_end = .)
                0x200003c8                        . = (. + _Min_Heap_Size)
 *fill*         0x200001c8      0x200 
                0x200007c8                        . = (. + _Min_Stack_Size)
 *fill*         0x200003c8      0x400 
                0x200007c8                        . = ALIGN (0x8)

/DISCARD/
 libc.a(*)
 libm.a(*)
 libgcc.a(*)

.ARM.attributes
                0x00000000       0x28
 *(.ARM.attributes)
 .ARM.attributes
                0x00000000       0x1e /Applications/ArmGNUToolchain/13.3.rel1/arm-none-eabi/bin/../lib/gcc/arm-none-eabi/13.3.1/thumb/v6-m/nofp/crti.o
 .ARM.attributes
                0x0000001e       0x2c /Applications/ArmGNUToolchain/13.3.rel1/arm-none-eabi/bin/../lib/gcc/arm-none-eabi/13.3.1/thumb/v6-m/nofp/crtbegin.o
 .ARM.attributes
                0x0000004a       0x2c CMakeFiles/action-test.elf.dir/Drivers/STM32F0xx_HAL_Driver/Src/stm32f0xx_hal.c.obj
 .ARM.attributes
                0x00000076       0x2c CMakeFiles/action-test.elf.dir/Drivers/STM32F0xx_HAL_Driver/Src/stm32f0xx_hal_cortex.c.obj
 .ARM.attributes
                0x000000a2       0x2c CMakeFiles/action-test.elf.dir/Drivers/STM32F0xx_HAL_Driver/Src/stm32f0xx_hal_rcc.c.obj
 .ARM.attributes
                0x000000ce       0x2c CMakeFiles/action-test.elf.dir/Src/main.c.obj
 .ARM.attributes
                0x000000fa       0x2c CMakeFiles/action-test.elf.dir/Src/stm32f0xx_hal_msp.c.obj
 .ARM.attributes
                0x00000126       0x2c CMakeFiles/action-test.elf.dir/Src/stm32f0xx_it.c.obj
 .ARM.attributes
                0x00000152       0x2c CMakeFiles/action-test.elf.dir/Src/system_stm32f0xx.c.obj
 .ARM.attributes
                0x0000017e       0x21 CMakeFiles/action-test.elf.dir/Startup/startup_stm32f030f4px.s.obj
 .ARM.attributes
                0x0000019f       0x1e /Applications/ArmGNUToolchain/13.3.rel1/arm-none-eabi/bin/../lib/gcc/arm-none-eabi/13.3.1/thumb/v6-m/nofp/libgcc.a(_udivsi3.o)
 .ARM.attributes
                0x000001bd       0x1e /Applications/ArmGNUToolchain/13.3.rel1/arm-none-eabi/bin/../lib/gcc/arm-none-eabi/13.3.1/thumb/v6-m/nofp/libgcc.a(_dvmd_tls.o)
 .ARM.attributes
                0x000001db       0x2c /Applications/ArmGNUToolchain/13.3.rel1/arm-none-eabi/bin/../lib/gcc/arm-none-eabi/13.3.1/../../../../arm-none-eabi/lib/thumb/v6-m/nofp/libg.a(libc_a-memset.o)
 .ARM.attributes
                0x00000207       0x2c /Applications/ArmGNUToolchain/13.3.rel1/arm-none-eabi/bin/../lib/gcc/arm-none-eabi/13.3.1/../../../../arm-none-eabi/lib/thumb/v6-m/nofp/libg.a(libc_a-init.o)
 .ARM.attributes
                0x00000233       0x2c /Applications/ArmGNUToolchain/13.3.rel1/arm-none-eabi/bin/../lib/gcc/arm-none-eabi/13.3.1/../../../../arm-none-eabi/lib/thumb/v6-m/nofp/libg.a(libc_a-lock.o)
 .ARM.attributes
                0x0000025f       0x2c /Applications/ArmGNUToolchain/13.3.rel1/arm-none-eabi/bin/../lib/gcc/arm-none-eabi/13.3.1/../../../../arm-none-eabi/lib/thumb/v6-m/nofp/libg.a(libc_a-__call_atexit.o)
 .ARM.attributes
                0x0000028b       0x2c /Applications/ArmGNUToolchain/13.3.rel1/arm-none-eabi/bin/../lib/gcc/arm-none-eabi/13.3.1/../../../../arm-none-eabi/lib/thumb/v6-m/nofp/libg.a(libc_a-atexit.o)
 .ARM.attributes
                0x000002b7       0x2c /Applications/ArmGNUToolchain/13.3.rel1/arm-none-eabi/bin/../lib/gcc/arm-none-eabi/13.3.1/../../../../arm-none-eabi/lib/thumb/v6-m/nofp/libg.a(libc_a-fini.o)
 .ARM.attributes
                0x000002e3       0x2c /Applications/ArmGNUToolchain/13.3.rel1/arm-none-eabi/bin/../lib/gcc/arm-none-eabi/13.3.1/../../../../arm-none-eabi/lib/thumb/v6-m/nofp/libg.a(libc_a-__atexit.o)
 .ARM.attributes
                0x0000030f       0x2c /Applications/ArmGNUToolchain/13.3.rel1/arm-none-eabi/bin/../lib/gcc/arm-none-eabi/13.3.1/thumb/v6-m/nofp/crtend.o
 .ARM.attributes
                0x0000033b       0x1e /Applications/ArmGNUToolchain/13.3.rel1/arm-none-eabi/bin/../lib/gcc/arm-none-eabi/13.3.1/thumb/v6-m/nofp/crtn.o
OUTPUT(action-test.elf elf32-littlearm)
LOAD linker stubs
LOAD /Applications/ArmGNUToolchain/13.3.rel1/arm-none-eabi/bin/../lib/gcc/arm-none-eabi/13.3.1/../../../../arm-none-eabi/lib/thumb/v6-m/nofp/libc.a
LOAD /Applications/ArmGNUToolchain/13.3.rel1/arm-none-eabi/bin/../lib/gcc/arm-none-eabi/13.3.1/../../../../arm-none-eabi/lib/thumb/v6-m/nofp/libm.a
LOAD /Applications/ArmGNUToolchain/13.3.rel1/arm-none-eabi/bin/../lib/gcc/arm-none-eabi/13.3.1/thumb/v6-m/nofp/libgcc.a

.debug_info     0x00000000     0x210a
 .debug_info    0x00000000      0x6f5 CMakeFiles/action-test.elf.dir/Drivers/STM32F0xx_HAL_Driver/Src/stm32f0xx_hal.c.obj
 .debug_info    0x000006f5      0x7bd CMakeFiles/action-test.elf.dir/Drivers/STM32F0xx_HAL_Driver/Src/stm32f0xx_hal_cortex.c.obj
 .debug_info    0x00000eb2      0xa3a CMakeFiles/action-test.elf.dir/Drivers/STM32F0xx_HAL_Driver/Src/stm32f0xx_hal_rcc.c.obj
 .debug_info    0x000018ec      0x318 CMakeFiles/action-test.elf.dir/Src/main.c.obj
 .debug_info    0x00001c04      0x195 CMakeFiles/action-test.elf.dir/Src/stm32f0xx_hal_msp.c.obj
 .debug_info    0x00001d99       0xdd CMakeFiles/action-test.elf.dir/Src/stm32f0xx_it.c.obj
 .debug_info    0x00001e76      0x264 CMakeFiles/action-test.elf.dir/Src/system_stm32f0xx.c.obj
 .debug_info    0x000020da       0x30 CMakeFiles/action-test.elf.dir/Startup/startup_stm32f030f4px.s.obj

.debug_abbrev   0x00000000      0xc18
 .debug_abbrev  0x00000000      0x269 CMakeFiles/action-test.elf.dir/Drivers/STM32F0xx_HAL_Driver/Src/stm32f0xx_hal.c.obj
 .debug_abbrev  0x00000269      0x2ec CMakeFiles/action-test.elf.dir/Drivers/STM32F0xx_HAL_Driver/Src/stm32f0xx_hal_cortex.c.obj
 .debug_abbrev  0x00000555      0x29c CMakeFiles/action-test.elf.dir/Drivers/STM32F0xx_HAL_Driver/Src/stm32f0xx_hal_rcc.c.obj
 .debug_abbrev  0x000007f1      0x18d CMakeFiles/action-test.elf.dir/Src/main.c.obj
 .debug_abbrev  0x0000097e       0xc4 CMakeFiles/action-test.elf.dir/Src/stm32f0xx_hal_msp.c.obj
 .debug_abbrev  0x00000a42       0x7c CMakeFiles/action-test.elf.dir/Src/stm32f0xx_it.c.obj
 .debug_abbrev  0x00000abe      0x136 CMakeFiles/action-test.elf.dir/Src/system_stm32f0xx.c.obj
 .debug_abbrev  0x00000bf4       0x24 CMakeFiles/action-test.elf.dir/Startup/startup_stm32f030f4px.s.obj

.debug_loclists
                0x00000000      0x801
 .debug_loclists
                0x00000000       0xe1 CMakeFiles/action-test.elf.dir/Drivers/STM32F0xx_HAL_Driver/Src/stm32f0xx_hal.c.obj
 .debug_loclists
                0x000000e1      0x208 CMakeFiles/action-test.elf.dir/Drivers/STM32F0xx_HAL_Driver/Src/stm32f0xx_hal_cortex.c.obj
 .debug_loclists
                0x000002e9      0x423 CMakeFiles/action-test.elf.dir/Drivers/STM32F0xx_HAL_Driver/Src/stm32f0xx_hal_rcc.c.obj
 .debug_loclists
                0x0000070c       0xf5 CMakeFiles/action-test.elf.dir/Src/system_stm32f0xx.c.obj

.debug_aranges  0x00000000      0x2c8
 .debug_aranges
                0x00000000       0xd0 CMakeFiles/action-test.elf.dir/Drivers/STM32F0xx_HAL_Driver/Src/stm32f0xx_hal.c.obj
 .debug_aranges
                0x000000d0       0x98 CMakeFiles/action-test.elf.dir/Drivers/STM32F0xx_HAL_Driver/Src/stm32f0xx_hal_cortex.c.obj
 .debug_aranges
                0x00000168       0x80 CMakeFiles/action-test.elf.dir/Drivers/STM32F0xx_HAL_Driver/Src/stm32f0xx_hal_rcc.c.obj
 .debug_aranges
                0x000001e8       0x30 CMakeFiles/action-test.elf.dir/Src/main.c.obj
 .debug_aranges
                0x00000218       0x20 CMakeFiles/action-test.elf.dir/Src/stm32f0xx_hal_msp.c.obj
 .debug_aranges
                0x00000238       0x40 CMakeFiles/action-test.elf.dir/Src/stm32f0xx_it.c.obj
 .debug_aranges
                0x00000278       0x28 CMakeFiles/action-test.elf.dir/Src/system_stm32f0xx.c.obj
 .debug_aranges
                0x000002a0       0x28 CMakeFiles/action-test.elf.dir/Startup/startup_stm32f030f4px.s.obj

.debug_rnglists
                0x00000000      0x20e
 .debug_rnglists
                0x00000000       0x97 CMakeFiles/action-test.elf.dir/Drivers/STM32F0xx_HAL_Driver/Src/stm32f0xx_hal.c.obj
 .debug_rnglists
                0x00000097       0x79 CMakeFiles/action-test.elf.dir/Drivers/STM32F0xx_HAL_Driver/Src/stm32f0xx_hal_cortex.c.obj
 .debug_rnglists
                0x00000110       0x6e CMakeFiles/action-test.elf.dir/Drivers/STM32F0xx_HAL_Driver/Src/stm32f0xx_hal_rcc.c.obj
 .debug_rnglists
                0x0000017e       0x1f CMakeFiles/action-test.elf.dir/Src/main.c.obj
 .debug_rnglists
                0x0000019d       0x13 CMakeFiles/action-test.elf.dir/Src/stm32f0xx_hal_msp.c.obj
 .debug_rnglists
                0x000001b0       0x2b CMakeFiles/action-test.elf.dir/Src/stm32f0xx_it.c.obj
 .debug_rnglists
                0x000001db       0x1a CMakeFiles/action-test.elf.dir/Src/system_stm32f0xx.c.obj
 .debug_rnglists
                0x000001f5       0x19 CMakeFiles/action-test.elf.dir/Startup/startup_stm32f030f4px.s.obj

.debug_line     0x00000000     0x2164
 .debug_line    0x00000000      0x5eb CMakeFiles/action-test.elf.dir/Drivers/STM32F0xx_HAL_Driver/Src/stm32f0xx_hal.c.obj
 .debug_line    0x000005eb      0x5c6 CMakeFiles/action-test.elf.dir/Drivers/STM32F0xx_HAL_Driver/Src/stm32f0xx_hal_cortex.c.obj
 .debug_line    0x00000bb1      0xcc2 CMakeFiles/action-test.elf.dir/Drivers/STM32F0xx_HAL_Driver/Src/stm32f0xx_hal_rcc.c.obj
 .debug_line    0x00001873      0x2ed CMakeFiles/action-test.elf.dir/Src/main.c.obj
 .debug_line    0x00001b60      0x1c8 CMakeFiles/action-test.elf.dir/Src/stm32f0xx_hal_msp.c.obj
 .debug_line    0x00001d28      0x144 CMakeFiles/action-test.elf.dir/Src/stm32f0xx_it.c.obj
 .debug_line    0x00001e6c      0x27d CMakeFiles/action-test.elf.dir/Src/system_stm32f0xx.c.obj
 .debug_line    0x000020e9       0x7b CMakeFiles/action-test.elf.dir/Startup/startup_stm32f030f4px.s.obj

.debug_str      0x00000000      0xf9c
 .debug_str     0x00000000      0xf9c CMakeFiles/action-test.elf.dir/Drivers/STM32F0xx_HAL_Driver/Src/stm32f0xx_hal.c.obj
                                0x6d9 (size before relaxing)
 .debug_str     0x00000f9c      0x61a CMakeFiles/action-test.elf.dir/Drivers/STM32F0xx_HAL_Driver/Src/stm32f0xx_hal_cortex.c.obj
 .debug_str     0x00000f9c      0x6bc CMakeFiles/action-test.elf.dir/Drivers/STM32F0xx_HAL_Driver/Src/stm32f0xx_hal_rcc.c.obj
 .debug_str     0x00000f9c      0x3b5 CMakeFiles/action-test.elf.dir/Src/main.c.obj
 .debug_str     0x00000f9c      0x25b CMakeFiles/action-test.elf.dir/Src/stm32f0xx_hal_msp.c.obj
 .debug_str     0x00000f9c      0x231 CMakeFiles/action-test.elf.dir/Src/stm32f0xx_it.c.obj
 .debug_str     0x00000f9c      0x2d3 CMakeFiles/action-test.elf.dir/Src/system_stm32f0xx.c.obj
 .debug_str     0x00000f9c       0xba CMakeFiles/action-test.elf.dir/Startup/startup_stm32f030f4px.s.obj

.comment        0x00000000       0x45
 .comment       0x00000000       0x45 CMakeFiles/action-test.elf.dir/Drivers/STM32F0xx_HAL_Driver/Src/stm32f0xx_hal.c.obj
                                 0x46 (size before relaxing)
 .comment       0x00000045       0x46 CMakeFiles/action-test.elf.dir/Drivers/STM32F0xx_HAL_Driver/Src/stm32f0xx_hal_cortex.c.obj
 .comment       0x00000045       0x46 CMakeFiles/action-test.elf.dir/Drivers/STM32F0xx_HAL_Driver/Src/stm32f0xx_hal_rcc.c.obj
 .comment       0x00000045       0x46 CMakeFiles/action-test.elf.dir/Src/main.c.obj
 .comment       0x00000045       0x46 CMakeFiles/action-test.elf.dir/Src/stm32f0xx_hal_msp.c.obj
 .comment       0x00000045       0x46 CMakeFiles/action-test.elf.dir/Src/stm32f0xx_it.c.obj
 .comment       0x00000045       0x46 CMakeFiles/action-test.elf.dir/Src/system_stm32f0xx.c.obj

.debug_frame    0x00000000      0x748
 .debug_frame   0x00000000      0x1ac CMakeFiles/action-test.elf.dir/Drivers/STM32F0xx_HAL_Driver/Src/stm32f0xx_hal.c.obj
 .debug_frame   0x000001ac      0x144 CMakeFiles/action-test.elf.dir/Drivers/STM32F0xx_HAL_Driver/Src/stm32f0xx_hal_cortex.c.obj
 .debug_frame   0x000002f0      0x138 CMakeFiles/action-test.elf.dir/Drivers/STM32F0xx_HAL_Driver/Src/stm32f0xx_hal_rcc.c.obj
 .debug_frame   0x00000428       0x50 CMakeFiles/action-test.elf.dir/Src/main.c.obj
 .debug_frame   0x00000478       0x24 CMakeFiles/action-test.elf.dir/Src/stm32f0xx_hal_msp.c.obj
 .debug_frame   0x0000049c       0x68 CMakeFiles/action-test.elf.dir/Src/stm32f0xx_it.c.obj
 .debug_frame   0x00000504       0x38 CMakeFiles/action-test.elf.dir/Src/system_stm32f0xx.c.obj
 .debug_frame   0x0000053c       0x20 /Applications/ArmGNUToolchain/13.3.rel1/arm-none-eabi/bin/../lib/gcc/arm-none-eabi/13.3.1/thumb/v6-m/nofp/libgcc.a(_udivsi3.o)
 .debug_frame   0x0000055c       0x30 /Applications/ArmGNUToolchain/13.3.rel1/arm-none-eabi/bin/../lib/gcc/arm-none-eabi/13.3.1/../../../../arm-none-eabi/lib/thumb/v6-m/nofp/libg.a(libc_a-memset.o)
 .debug_frame   0x0000058c       0x2c /Applications/ArmGNUToolchain/13.3.rel1/arm-none-eabi/bin/../lib/gcc/arm-none-eabi/13.3.1/../../../../arm-none-eabi/lib/thumb/v6-m/nofp/libg.a(libc_a-init.o)
 .debug_frame   0x000005b8       0xb0 /Applications/ArmGNUToolchain/13.3.rel1/arm-none-eabi/bin/../lib/gcc/arm-none-eabi/13.3.1/../../../../arm-none-eabi/lib/thumb/v6-m/nofp/libg.a(libc_a-lock.o)
 .debug_frame   0x00000668       0x54 /Applications/ArmGNUToolchain/13.3.rel1/arm-none-eabi/bin/../lib/gcc/arm-none-eabi/13.3.1/../../../../arm-none-eabi/lib/thumb/v6-m/nofp/libg.a(libc_a-__call_atexit.o)
 .debug_frame   0x000006bc       0x28 /Applications/ArmGNUToolchain/13.3.rel1/arm-none-eabi/bin/../lib/gcc/arm-none-eabi/13.3.1/../../../../arm-none-eabi/lib/thumb/v6-m/nofp/libg.a(libc_a-atexit.o)
 .debug_frame   0x000006e4       0x2c /Applications/ArmGNUToolchain/13.3.rel1/arm-none-eabi/bin/../lib/gcc/arm-none-eabi/13.3.1/../../../../arm-none-eabi/lib/thumb/v6-m/nofp/libg.a(libc_a-fini.o)
 .debug_frame   0x00000710       0x38 /Applications/ArmGNUToolchain/13.3.rel1/arm-none-eabi/bin/../lib/gcc/arm-none-eabi/13.3.1/../../../../arm-none-eabi/lib/thumb/v6-m/nofp/libg.a(libc_a-__atexit.o)

.debug_line_str
                0x00000000      0x170
 .debug_line_str
                0x00000000      0x170 CMakeFiles/action-test.elf.dir/Startup/startup_stm32f030f4px.s.obj
                                 0x9e (size before relaxing)
 .debug_line_str
                0x00000170       0xd2 /Applications/ArmGNUToolchain/13.3.rel1/arm-none-eabi/bin/../lib/gcc/arm-none-eabi/13.3.1/thumb/v6-m/nofp/libgcc.a(_udivsi3.o)
 .debug_line_str
                0x00000170       0xd2 /Applications/ArmGNUToolchain/13.3.rel1/arm-none-eabi/bin/../lib/gcc/arm-none-eabi/13.3.1/thumb/v6-m/nofp/libgcc.a(_dvmd_tls.o)
